table ip nftlb {
	map nat-tcp-services {
		type ipv4_addr . inet_service : verdict
		elements = { 127.0.0.1 . 8080 : goto nat-lb01 }
	}

	map tcp-services-back {
		type ipv4_addr . inet_service : ipv4_addr
	}

	map tcp-services-back-m {
		type mark : ipv4_addr
	}

	map filter-tcp-services {
		type ipv4_addr . inet_service : verdict
		elements = { 127.0.0.1 . 8080 : goto filter-lb01 }
	}

	chain prerouting {
		type nat hook prerouting priority filter; policy accept;
		ip daddr . tcp dport vmap @nat-tcp-services
	}

	chain postrouting {
		type nat hook postrouting priority srcnat; policy accept;
		ct mark 0x80000000/1 masquerade
		snat to ip daddr . tcp dport map @tcp-services-back
		snat to ct mark map @tcp-services-back-m
	}

	chain filter {
		type filter hook prerouting priority mangle; policy accept;
		meta mark set ct mark
		ip daddr . tcp dport vmap @filter-tcp-services
	}

	chain filter-lb01 {
		ct mark set numgen random mod 20 map { 0-4 : 0x80000001, 5-9 : 0x80000002, 10-14 : 0x80000003, 15-19 : 0x80000004 }
	}

	chain nat-lb01 {
		ip protocol tcp ct mark 0x80000001 dnat to 172.16.138.202:80
		ip protocol tcp ct mark 0x80000002 dnat to 172.16.138.203:80
		ip protocol tcp ct mark 0x80000003 dnat to 172.16.138.204:80
		ip protocol tcp ct mark 0x80000004 dnat to 172.16.138.205:80
	}
}
table netdev nftlb {
	set mylist {
		type ipv4_addr
		flags interval
		auto-merge
		elements = { 35.195.60.76 }
	}
}
