table ip nftlb {
	map nat-tcp-services {
		type ipv4_addr . inet_service : verdict
		elements = { 10.0.0.241 . 8080 : goto nat-newfarm }
	}

	map tcp-services-back {
		type ipv4_addr . inet_service : ipv4_addr
	}

	map tcp-services-back-m {
		type mark : ipv4_addr
		elements = { 0x00000201 : 10.0.0.241, 0x00000202 : 10.0.0.241 }
	}

	map filter-tcp-services {
		type ipv4_addr . inet_service : verdict
		elements = { 10.0.0.241 . 8080 : goto filter-newfarm }
	}

	map static-sessions-newfarm {
		type ipv4_addr : mark
		elements = { 10.0.0.2 : 0x00000201 }
	}

	map persist-newfarm {
		type ipv4_addr : mark
		size 65535
		timeout 33m20s
	}

	chain prerouting {
		type nat hook prerouting priority filter; policy accept;
		ip daddr . tcp dport vmap @nat-tcp-services
	}

	chain postrouting {
		type nat hook postrouting priority srcnat; policy accept;
		ct mark 0x80000000/1 masquerade
		snat to ip daddr . tcp dport map @tcp-services-back
		snat to ct mark map @tcp-services-back-m
	}

	chain filter {
		type filter hook prerouting priority mangle; policy accept;
		meta mark set ct mark
		ip daddr . tcp dport vmap @filter-tcp-services
	}

	chain filter-newfarm {
		ct mark set ip saddr map @static-sessions-newfarm accept
		ct state new ct mark set ip saddr map @persist-newfarm
		ct state new ct mark 0x00000000 ct mark set jhash ip saddr mod 10 map { 0-4 : 0x00000201, 5-9 : 0x00000202 }
		update @persist-newfarm { ip saddr : ct mark }
	}

	chain nat-newfarm {
		ip protocol tcp ct mark 0x00000201 dnat to 192.168.100.254:80
		ip protocol tcp ct mark 0x00000202 dnat to 192.168.101.254:32
	}
}
