table ip nftlb {
	map nat-tcp-services {
		type ipv4_addr . inet_service : verdict
	}

	map tcp-services-back {
		type ipv4_addr . inet_service : ipv4_addr
	}

	map tcp-services-back-m {
		type mark : ipv4_addr
	}

	map filter-tcp-services {
		type ipv4_addr . inet_service : verdict
	}

	map nat-udp-services {
		type ipv4_addr . inet_service : verdict
	}

	map udp-services-back {
		type ipv4_addr . inet_service : ipv4_addr
	}

	map udp-services-back-m {
		type mark : ipv4_addr
	}

	map filter-udp-services {
		type ipv4_addr . inet_service : verdict
	}

	chain prerouting {
		type nat hook prerouting priority filter; policy accept;
		ip daddr . tcp dport vmap @nat-tcp-services
		ip daddr . udp dport vmap @nat-udp-services
	}

	chain postrouting {
		type nat hook postrouting priority srcnat; policy accept;
		ct mark 0x80000000/1 masquerade
		snat to ip daddr . tcp dport map @tcp-services-back
		snat to ct mark map @tcp-services-back-m
		snat to ip daddr . udp dport map @udp-services-back
		snat to ct mark map @udp-services-back-m
	}

	chain filter {
		type filter hook prerouting priority mangle; policy accept;
		meta mark set ct mark
		ip daddr . tcp dport vmap @filter-tcp-services
		ip daddr . udp dport vmap @filter-udp-services
	}
}
table netdev nftlb {
	map tcp-services-lo {
		type ipv4_addr . inet_service : verdict
		elements = { 127.0.0.1 . 80 : goto newfarm,
			     127.0.0.2 . 80 : goto newfarm-back }
	}

	map map-newfarm-back {
		type ipv4_addr : ether_addr
		size 65535
		timeout 1m
	}

	map persist-newfarm {
		type ipv4_addr : ipv4_addr
		size 65535
		timeout 1m
	}

	map static-sessions-newfarm {
		type ipv4_addr : ipv4_addr
	}

	chain ingress-lo {
		type filter hook ingress device "lo" priority 100; policy accept;
		ip saddr . tcp sport vmap @tcp-services-lo
		ip daddr . tcp dport vmap @tcp-services-lo
	}

	chain newfarm {
		meta protocol ip update @map-newfarm-back { ip saddr : ether saddr }
		ip daddr set ip saddr map @static-sessions-newfarm ether daddr set ip daddr map { 127.0.0.2 : 03:03:03:03:03:03 } fwd to "lo"
		ip daddr set numgen inc mod 1 map { 0 : 127.0.0.2 } ether daddr set ip daddr map { 127.0.0.2 : 03:03:03:03:03:03 } ether saddr set 01:01:01:01:01:01 update @persist-newfarm { ip saddr : ip daddr } fwd to "lo"
	}

	chain newfarm-back {
		ip saddr set 127.0.0.1 ether saddr set 00:00:00:00:00:00 ether daddr set ip daddr map @map-newfarm-back fwd to "lo"
	}
}
