{
        "farms": [
                {
                        "name": "farm01",
                        "family": "ipv4",
                        "virtual-addr": "192.168.101.63",
                        "virtual-ports": "80",
                        "source-addr": "",
                        "mode": "snat",
                        "protocol": "tcp",
                        "scheduler": "weight",
                        "sched-param": "none",
                        "persistence": "none",
                        "persist-ttl": "60",
                        "helper": "none",
                        "log": "none",
                        "mark": "0x0",
                        "priority": "3",
                        "state": "up",
                        "new-rtlimit": "0",
                        "new-rtlimit-burst": "0",
                        "rst-rtlimit": "0",
                        "rst-rtlimit-burst": "0",
                        "est-connlimit": "0",
                        "tcp-strict": "off",
                        "queue": "-1",
                        "backends": [
                                {
                                        "name": "bck0",
                                        "ip-addr": "192.168.101.254",
                                        "port": "80",
                                        "weight": "1",
                                        "priority": "2",
                                        "mark": "0x200",
                                        "est-connlimit": "10",
                                        "state": "up"
                                },
                                {
                                        "name": "bck1",
                                        "ip-addr": "192.168.101.253",
                                        "port": "80",
                                        "weight": "1",
                                        "priority": "2",
                                        "mark": "0x201",
                                        "est-connlimit": "10",
                                        "state": "off"
                                },
                                {
                                        "name": "bck2",
                                        "ip-addr": "192.168.102.254",
                                        "port": "80",
                                        "weight": "1",
                                        "priority": "1",
                                        "mark": "0x202",
                                        "est-connlimit": "10",
                                        "state": "off"
                                }
                        ],
                        "policies": []
                }
        ]
}