{
        "farms": [
                {
                        "name": "newfarm",
                        "family": "ipv4",
                        "virtual-addr": "127.0.0.1",
                        "virtual-ports": "80",
                        "source-addr": "",
                        "mode": "dnat",
                        "protocol": "tcp",
                        "scheduler": "rr",
                        "sched-param": "none",
                        "persistence": "srcip ",
                        "persist-ttl": "60",
                        "helper": "none",
                        "log": "none",
                        "mark": "0x0",
                        "priority": "1",
                        "state": "up",
                        "new-rtlimit": "22",
                        "new-rtlimit-burst": "2",
                        "rst-rtlimit": "0",
                        "rst-rtlimit-burst": "0",
                        "est-connlimit": "0",
                        "tcp-strict": "off",
                        "queue": "-1",
                        "backends": [
                                {
                                        "name": "bck0",
                                        "ip-addr": "127.0.0.2",
                                        "port": "",
                                        "weight": "1",
                                        "priority": "1",
                                        "mark": "0x200",
                                        "est-connlimit": "0",
                                        "state": "up"
                                }
                        ],
                        "policies": []
                }
        ]
}