table ip nftlb {
	map nat-udp-services {
		type ipv4_addr . inet_service : verdict
	}

	map udp-services-back {
		type ipv4_addr . inet_service : ipv4_addr
	}

	map udp-services-back-m {
		type mark : ipv4_addr
	}

	chain prerouting {
		type nat hook prerouting priority filter; policy accept;
		ip daddr . udp dport vmap @nat-udp-services
	}

	chain postrouting {
		type nat hook postrouting priority srcnat; policy accept;
		ct mark 0x80000000/1 masquerade
		snat to ip daddr . udp dport map @udp-services-back
		snat to ct mark map @udp-services-back-m
	}
}
