table ip nftlb {
	map nat-proto-services {
		type inet_proto . ipv4_addr . inet_service : verdict
		elements = { tcp . 10.0.0.241 . 8080 : goto nat-newfarm }
	}

	map proto-services-back {
		type inet_proto . ipv4_addr . inet_service : ipv4_addr
	}

	map proto-services-back-m {
		type mark : ipv4_addr
		elements = { 0x00000202 : 10.0.0.241 }
	}

	map filter-proto-services {
		type inet_proto . ipv4_addr . inet_service : verdict
		elements = { tcp . 10.0.0.241 . 8080 : goto filter-newfarm }
	}

	map static-sessions-newfarm {
		type ipv4_addr : mark
	}

	map persist-newfarm {
		type ipv4_addr : mark
		size 65535
		timeout 33m20s
	}

	chain prerouting {
		type nat hook prerouting priority filter; policy accept;
		ip protocol . ip daddr . th dport vmap @nat-proto-services
	}

	chain postrouting {
		type nat hook postrouting priority srcnat; policy accept;
		ct mark 0x80000000/1 masquerade
		snat to ip protocol . ip daddr . th dport map @proto-services-back
		snat to ct mark map @proto-services-back-m
	}

	chain filter {
		type filter hook prerouting priority mangle; policy accept;
		meta mark set ct mark
		ip protocol . ip daddr . th dport vmap @filter-proto-services
	}

	chain filter-newfarm {
		ct mark set ip saddr map @static-sessions-newfarm accept
		ct state new ct mark set ip saddr map @persist-newfarm
		ct state new ct mark 0x00000000 ct mark set jhash ip saddr mod 5 map { 0-4 : 0x00000202 }
		update @persist-newfarm { ip saddr : ct mark }
	}

	chain nat-newfarm {
		dnat ip addr . port to ct mark map { 0x00000202 : 192.168.101.254 . 32 }
	}
}
