table netdev nftlb {
	map tcp-services-lo {
		type ipv4_addr . inet_service : verdict
		elements = { 127.0.0.1 . 100 : goto test1 }
	}

	map map-test1-back {
		type ipv4_addr : ether_addr
		size 65535
		timeout 1m
	}

	chain ingress-lo {
		type filter hook ingress device "lo" priority 100; policy accept;
		ip saddr . tcp sport vmap @tcp-services-lo
	}

	chain test1 {
		meta protocol ip update @map-test1-back { ip saddr : ether saddr }
		ip daddr set numgen random mod 3 map { 0 : 127.0.0.1, 1-2 : 127.0.1.1 } ether daddr set ip daddr map { 127.0.0.1 : 01:01:01:01:01:01, 127.0.1.1 : 02:02:02:02:02:02 } fwd to "lo"
	}

	chain test1-back {
		ip saddr set 127.0.0.1 ether saddr set 00:00:00:00:00:00 ether daddr set ip daddr map @map-test1-back fwd to "lo"
	}
}
