{
        "farms": [
                {
                        "name": "newfarm",
                        "family": "ipv4",
                        "virtual-addr": "192.168.105.189",
                        "virtual-ports": "80",
                        "source-addr": "",
                        "mode": "dnat",
                        "protocol": "tcp",
                        "scheduler": "rr",
                        "sched-param": "none",
                        "persistence": "none",
                        "persist-ttl": "60",
                        "helper": "none",
                        "log": "none",
                        "mark": "0x0",
                        "priority": "1",
                        "state": "up",
                        "new-rtlimit": "0",
                        "new-rtlimit-burst": "0",
                        "rst-rtlimit": "0",
                        "rst-rtlimit-burst": "0",
                        "est-connlimit": "0",
                        "tcp-strict": "off",
                        "queue": "0",
                        "backends": [],
                        "policies": []
                },
                {
                        "name": "newfarm6",
                        "family": "ipv4",
                        "virtual-addr": "192.168.105.189",
                        "virtual-ports": "53",
                        "source-addr": "",
                        "mode": "snat",
                        "protocol": "udp",
                        "scheduler": "rr",
                        "sched-param": "none",
                        "persistence": "none",
                        "persist-ttl": "60",
                        "helper": "none",
                        "log": "none",
                        "mark": "0x0",
                        "priority": "1",
                        "state": "up",
                        "new-rtlimit": "0",
                        "new-rtlimit-burst": "0",
                        "rst-rtlimit": "0",
                        "rst-rtlimit-burst": "0",
                        "est-connlimit": "0",
                        "tcp-strict": "on",
                        "queue": "-1",
                        "backends": [],
                        "policies": []
                }
        ]
}