table netdev nftlb {
	map tcp-services-lo {
		type ipv4_addr . inet_service : verdict
		elements = { 192.168.0.100 . 80 : goto lb01 }
	}

	map map-lb01-back {
		type ipv4_addr : ether_addr
		size 65535
		timeout 50s
	}

	map persist-lb01 {
		type ipv4_addr : ipv4_addr
		size 65535
		timeout 50s
	}

	map static-sessions-lb01 {
		type ipv4_addr : ipv4_addr
		elements = { 192.168.44.8 : 192.168.0.10, 192.168.44.33 : 192.168.0.11,
			     192.168.44.34 : 192.168.0.10, 192.168.44.35 : 192.168.0.11,
			     192.168.44.36 : 192.168.0.10 }
	}

	chain ingress-lo {
		type filter hook ingress device "lo" priority 100; policy accept;
		ip saddr . tcp sport vmap @tcp-services-lo
		ip daddr . tcp dport vmap @tcp-services-lo
	}

	chain lb01 {
		meta protocol ip update @map-lb01-back { ip saddr : ether saddr }
		ip daddr set ip saddr map @static-sessions-lb01 ether daddr set ip daddr map { 192.168.0.10 : 02:02:02:02:02:02, 192.168.0.11 : 03:03:03:03:03:03 } fwd to "lo"
		ip daddr set numgen random mod 10 map { 0-4 : 192.168.0.10, 5-9 : 192.168.0.11 } ether daddr set ip daddr map { 192.168.0.10 : 02:02:02:02:02:02, 192.168.0.11 : 03:03:03:03:03:03 } ether saddr set 01:01:01:01:01:01 update @persist-lb01 { ip saddr : ip daddr } fwd to "lo"
	}

	chain lb01-back {
		ip saddr set 192.168.0.100 ether saddr set 01:01:01:01:01:01 ether daddr set ip daddr map @map-lb01-back fwd to "lo"
	}
}
