{"response": "error parsing buffer. Key 'virtual-addr' cannot be empty"}