{"response": "success. Parsing unknown value 'ip4' in 'family', using default 'ipv4'"}