{
        "policies": [
                {
                        "name": "blacklist",
                        "type": "blacklist",
                        "timeout": "0",
                        "priority": "-1",
                        "used": "0",
                        "elements": []
                }
        ]
}