table ip nftlb {
	map nat-tcp-services {
		type ipv4_addr . inet_service : verdict
		elements = { 2.2.2.2 . 6595 : goto nat-lb012 }
	}

	map tcp-services-back {
		type ipv4_addr . inet_service : ipv4_addr
	}

	map tcp-services-back-m {
		type mark : ipv4_addr
	}

	chain prerouting {
		type nat hook prerouting priority filter; policy accept;
		ip daddr . tcp dport vmap @nat-tcp-services
	}

	chain postrouting {
		type nat hook postrouting priority srcnat; policy accept;
		ct mark 0x80000000/1 masquerade
		snat to ip daddr . tcp dport map @tcp-services-back
		snat to ct mark map @tcp-services-back-m
	}

	chain nat-lb012 {
	}
}
