{
        "farms": [
                {
                        "name": "lb012",
                        "family": "ipv4",
                        "virtual-addr": "2.2.2.2",
                        "virtual-ports": "6595",
                        "source-addr": "",
                        "mode": "dnat",
                        "protocol": "tcp",
                        "scheduler": "weight",
                        "sched-param": "none",
                        "persistence": "none",
                        "persist-ttl": "60",
                        "helper": "none",
                        "log": "none",
                        "mark": "0x0",
                        "priority": "1",
                        "state": "up",
                        "new-rtlimit": "0",
                        "new-rtlimit-burst": "0",
                        "rst-rtlimit": "0",
                        "rst-rtlimit-burst": "0",
                        "est-connlimit": "0",
                        "tcp-strict": "off",
                        "queue": "-1",
                        "backends": [
                                {
                                        "name": "bck1",
                                        "ip-addr": "172.16.138.203",
                                        "port": "80",
                                        "weight": "5",
                                        "priority": "5",
                                        "mark": "0x0",
                                        "est-connlimit": "500",
                                        "state": "up"
                                }
                        ],
                        "policies": []
                },
                {
                        "name": "lb013",
                        "family": "ipv4",
                        "virtual-addr": "",
                        "virtual-ports": "",
                        "source-addr": "",
                        "mode": "snat",
                        "protocol": "tcp",
                        "scheduler": "rr",
                        "sched-param": "none",
                        "persistence": "none",
                        "persist-ttl": "60",
                        "helper": "none",
                        "log": "none",
                        "mark": "0x0",
                        "priority": "1",
                        "state": "config_error",
                        "new-rtlimit": "0",
                        "new-rtlimit-burst": "0",
                        "rst-rtlimit": "0",
                        "rst-rtlimit-burst": "0",
                        "est-connlimit": "0",
                        "tcp-strict": "off",
                        "queue": "-1",
                        "backends": [],
                        "policies": []
                }
        ]
}