table ip nftlb {
	map nat-tcp-services {
		type ipv4_addr . inet_service : verdict
		elements = { 200.1.1.2 . 8080 : goto nat-lb011 }
	}

	map tcp-services-back {
		type ipv4_addr . inet_service : ipv4_addr
	}

	map tcp-services-m-back {
		type mark : ipv4_addr
	}

	map filter-tcp-services {
		type ipv4_addr . inet_service : verdict
		elements = { 200.1.1.2 . 8080 : goto filter-lb011 }
	}

	chain prerouting {
		type nat hook prerouting priority filter; policy accept;
		ip daddr . tcp dport vmap @nat-tcp-services
	}

	chain postrouting {
		type nat hook postrouting priority srcnat; policy accept;
		ct mark 0x80000000/1 masquerade
		snat to ip daddr . tcp dport map @tcp-services-back
		snat to ct mark map @tcp-services-m-back
	}

	chain filter {
		type filter hook prerouting priority mangle; policy accept;
		meta mark set ct mark
		ip daddr . tcp dport vmap @filter-tcp-services
	}

	chain filter-lb011 {
		ct mark set numgen random mod 10 map { 0-4 : 0x80000010, 5-9 : 0x80000011 }
	}

	chain nat-lb011 {
		ip protocol tcp ct mark 0x80000010 dnat to 172.16.138.222:80
		ip protocol tcp ct mark 0x80000011 dnat to 172.16.138.223:80
	}
}
