{
        "farms": [
                {
                        "name": "Ex-SMTP",
                        "family": "ipv4",
                        "virtual-addr": "10.20.10.50",
                        "virtual-ports": "25",
                        "source-addr": "10.20.10.50",
                        "mode": "snat",
                        "protocol": "tcp",
                        "scheduler": "weight",
                        "sched-param": "none",
                        "persistence": "none",
                        "persist-ttl": "60",
                        "helper": "none",
                        "log": "forward ",
                        "mark": "0x0",
                        "priority": "4",
                        "state": "up",
                        "new-rtlimit": "0",
                        "new-rtlimit-burst": "0",
                        "rst-rtlimit": "0",
                        "rst-rtlimit-burst": "0",
                        "est-connlimit": "0",
                        "tcp-strict": "off",
                        "queue": "-1",
                        "backends": [
                                {
                                        "name": "bck0",
                                        "ip-addr": "10.20.10.25",
                                        "port": "25",
                                        "weight": "5",
                                        "priority": "1",
                                        "mark": "0x200",
                                        "est-connlimit": "0",
                                        "state": "down"
                                },
                                {
                                        "name": "bck1",
                                        "ip-addr": "10.20.10.26",
                                        "port": "25",
                                        "weight": "5",
                                        "priority": "1",
                                        "mark": "0x201",
                                        "est-connlimit": "0",
                                        "state": "down"
                                },
                                {
                                        "name": "bck2",
                                        "ip-addr": "10.20.10.27",
                                        "port": "25",
                                        "weight": "5",
                                        "priority": "3",
                                        "mark": "0x202",
                                        "est-connlimit": "0",
                                        "state": "down"
                                },
                                {
                                        "name": "bck3",
                                        "ip-addr": "10.20.10.28",
                                        "port": "25",
                                        "weight": "5",
                                        "priority": "4",
                                        "mark": "0x203",
                                        "est-connlimit": "0",
                                        "state": "up"
                                }
                        ],
                        "policies": []
                }
        ]
}