{
        "policies": [
                {
                        "name": "mylist",
                        "family": "ipv4",
                        "type": "blacklist",
                        "timeout": "0",
                        "priority": "1",
                        "used": "0",
                        "elements": [
                                {
                                        "data": "35.195.60.76"
                                }
                        ]
                }
        ]
}